
======================================================================
VMS STANDALONE MODE END-TO-END TEST SUITE
======================================================================
Base URL: http://localhost:5001
Started: 2026-01-21 07:06:59
======================================================================

============================================================
[SETUP: Company & Admin Registration]
============================================================
[PASS]: Company & Admin Registration
   -> Company: 69702dbd741d479a5b8373f9, Role: admin

============================================================
[AUTH TESTS]
============================================================
[PASS]: Auth /me Endpoint
   -> User: 69702dbd741d479a5b8373fa, Company: 69702dbd741d479a5b8373f9
[FAIL]: Login Returns Role
   -> Role: None

============================================================
[COMPANY TESTS]
============================================================
[FAIL]: Company GET
   -> Name: N/A
[FAIL]: Company UPDATE
   -> Updated phone and industry
[FAIL]: Company Settings GET
[FAIL]: Company Settings UPDATE
[FAIL]: Company Stats GET

============================================================
[USER MANAGEMENT TESTS]
============================================================
[FAIL]: User Roles GET
   -> Roles: []
[FAIL]: User CREATE
   -> User ID: None
[FAIL]: User LIST
   -> Found 0 users
[FAIL]: User Self UPDATE

============================================================
[EMPLOYEE CRUD TESTS]
============================================================
[FAIL]: Employee CREATE
   -> ID: None
[PASS]: Employee LIST
   -> Found 0 employees

============================================================
[VISITOR CRUD TESTS]
============================================================
[FAIL]: Visitor CREATE
   -> No host employee available

============================================================
[VISIT MANAGEMENT TESTS]
============================================================
[FAIL]: Visit SCHEDULE
   -> No visitor available

============================================================
[DEVICE MANAGEMENT TESTS]
============================================================
[PASS]: Device CREATE
   -> ID: None
[PASS]: Device LIST
   -> Found 0 devices
[FAIL]: Device STATS

======================================================================
TEST SUMMARY
======================================================================
   [PASS]: Company & Admin Registration
   [PASS]: Auth /me Endpoint
   [FAIL]: Login Returns Role
   [FAIL]: Company GET
   [FAIL]: Company UPDATE
   [FAIL]: Company Settings GET
   [FAIL]: Company Settings UPDATE
   [FAIL]: Company Stats GET
   [FAIL]: User Roles GET
   [FAIL]: User CREATE
   [FAIL]: User LIST
   [FAIL]: User Self UPDATE
   [FAIL]: Employee CREATE
   [PASS]: Employee LIST
   [FAIL]: Visitor CREATE
   [FAIL]: Visit SCHEDULE
   [PASS]: Device CREATE
   [PASS]: Device LIST
   [FAIL]: Device STATS

----------------------------------------------------------------------
   TOTAL: 5/19 tests passed (26%)
----------------------------------------------------------------------

   [WARNING] 14 test(s) failed - review above
======================================================================

