
======================================================================
python : Traceback (most recent call last):
At line:1 char:1
+ python tests\test_vms_complete.py --url 
http://localhost:5001 > tests ...
+ ~~~~~~~~~~~~~~~~~~~~~~~~~~~~~~~~~~~~~~~~~~~~~~~~~
~~~~~~~~~~~~~~~~~~~~
    + CategoryInfo          : NotSpecified: (Trace 
   back (most recent call last)::String) [], Remo  
  teException
    + FullyQualifiedErrorId : NativeCommandError
 
  File "C:\Users\sahil\OneDrive\Documents\GitHub\vi
sitorManagementSystem\tests\test_vms_complete.py", 
line 589, in <module>
    main()
  File "C:\Users\sahil\OneDrive\Documents\GitHub\vi
sitorManagementSystem\tests\test_vms_complete.py", 
line 583, in main
    success = 
suite.run_all_tests(cleanup=args.cleanup)
              
^^^^^^^^^^^^^^^^^^^^^^^^^^^^^^^^^^^^^^^^^
  File "C:\Users\sahil\OneDrive\Documents\GitHub\vi
sitorManagementSystem\tests\test_vms_complete.py", 
line 524, in run_all_tests
    print("\U0001f680 VMS COMPLETE END-TO-END TEST 
SUITE")
  File "C:\Users\sahil\anaconda3\Lib\encodings\cp12
52.py", line 19, in encode
    return codecs.charmap_encode(input,self.errors,
encoding_table)[0]
           ^^^^^^^^^^^^^^^^^^^^^^^^^^^^^^^^^^^^^^^^
^^^^^^^^^^^^^^^
UnicodeEncodeError: 'charmap' codec can't encode 
character '\U0001f680' in position 0: character 
maps to <undefined>
